// Jest Snapshot v1, https://goo.gl/fbAQLP

exports[`renders correctly 1`] = `
.c0 {
  color: inherit;
  font-family: 'Ringside Regular A','Ringside Regular B','Helvetica',sans-serif;
  font-size: 36px;
  font-weight: inherit;
  line-height: 1.17;
}

.c1 {
  color: inherit;
  font-family: 'Ringside Regular A','Ringside Regular B','Helvetica',sans-serif;
  font-size: 26px;
  font-weight: inherit;
  line-height: 1.3;
}

.c2 {
  color: inherit;
  font-family: 'Ringside Regular A','Ringside Regular B','Helvetica',sans-serif;
  font-size: 18px;
  font-weight: inherit;
  line-height: 1.3;
}

.c3 {
  color: inherit;
  font-family: 'Ringside Regular A','Ringside Regular B','Helvetica',sans-serif;
  font-size: 16px;
  font-weight: inherit;
  line-height: 1.3;
}

.c4 {
  color: inherit;
  font-family: 'Ringside Regular A','Ringside Regular B','Helvetica',sans-serif;
  font-size: 14px;
  font-weight: inherit;
  line-height: 1.3;
}

.c5 {
  color: inherit;
  font-family: 'Ringside Regular A','Ringside Regular B','Helvetica',sans-serif;
  font-size: 12px;
  font-weight: inherit;
  line-height: 1.3;
}

<div>
  <p
    className="c0"
    size="xl"
  >
    XL: 
    Hello world
  </p>
  <p
    className="c1"
    size="lg"
  >
    LG: 
    Hello world
  </p>
  <p
    className="c2"
    size="md"
  >
    MD: 
    Hello world
  </p>
  <p
    className="c3"
    size="sm"
  >
    SM: 
    Hello world
  </p>
  <p
    className="c4"
    size="xs"
  >
    XS: 
    Hello world
  </p>
  <p
    className="c5"
    size="2xs"
  >
    2XS: 
    Hello world
  </p>
</div>
`;
